// Jest Snapshot v1, https://goo.gl/fbAQLP

exports[`Componente de lista de transações O snapshot do component deve permanecer sempre o mesmo 1`] = `
<div
  data-testid="transacoes"
>
  <div
    class="transacao-container"
  >
    <p>
      16/03/2021
    </p>
    <p>
      saque
    </p>
    <p>
      R$ 
      20.00
    </p>
  </div>
  <div
    class="transacao-container"
  >
    <p>
      17/03/2021
    </p>
    <p>
      deposito
    </p>
    <p>
      R$ 
      15.00
    </p>
  </div>
</div>
`;
